exports[`Button renders correctly 1`] = `<button type="submit" disabled="disabled" class="uk-button uk-active uk-button-default">Button</button>`;

exports[`ButtonCheckbox renders correctly 1`] = `
<div class="uk-button-group">
  <button type="button" class="uk-button uk-button-default">Button 1</button>
  <button type="button" class="uk-button uk-button-default">Button 2</button>
  <button type="button" class="uk-button uk-button-default">Button 3</button>
</div>
`;

exports[`ButtonRadio renders correctly 1`] = `
<div class="uk-button-group">
  <button type="button" class="uk-button uk-button-default">Button 1</button>
  <button type="button" class="uk-button uk-button-default">Button 2</button>
  <button type="button" class="uk-button uk-button-default">Button 3</button>
</div>
`;
