// Jest Snapshot v1, https://goo.gl/fbAQLP

exports[`Modal renders correctly 1`] = `
<div class="uk-modal" style="display:block;">
  <div class="uk-modal-dialog">
    <button type="button" uk-close="true" class="uk-close uk-icon uk-modal-close-default"></button>
    <div class="uk-modal-header">
      <h2 class="uk-modal-title">Headline</h2>
    </div>
    <div class="uk-modal-body">Content</div>
    <div class="uk-modal-footer uk-text-right">
      Footer
    </div>
  </div>
</div>
`;
