exports[`Breadcrumb renders correctly 1`] = `
Array [
  Object {
    "attributes": Object {
      "className": Array [
        "uk-breadcrumb",
      ],
    },
    "children": Array [
      Object {
        "attributes": Object {
          "className": Array [
            "",
          ],
        },
        "children": Array [
          Object {
            "attributes": Object {},
            "children": Array [
              Object {
                "content": "Home",
                "type": "Text",
              },
            ],
            "tagName": "a",
            "type": "Element",
          },
        ],
        "tagName": "li",
        "type": "Element",
      },
      Object {
        "content": " ",
        "type": "Text",
      },
      Object {
        "attributes": Object {
          "className": Array [
            "uk-active",
          ],
        },
        "children": Array [
          Object {
            "attributes": Object {},
            "children": Array [
              Object {
                "content": "
      Blog
    ",
                "type": "Text",
              },
            ],
            "tagName": "span",
            "type": "Element",
          },
        ],
        "tagName": "li",
        "type": "Element",
      },
      Object {
        "content": " ",
        "type": "Text",
      },
      Object {
        "attributes": Object {
          "className": Array [
            "",
          ],
        },
        "children": Array [
          Object {
            "attributes": Object {},
            "children": Array [
              Object {
                "content": "
      Category
    ",
                "type": "Text",
              },
            ],
            "tagName": "a",
            "type": "Element",
          },
        ],
        "tagName": "li",
        "type": "Element",
      },
      Object {
        "content": " ",
        "type": "Text",
      },
      Object {
        "attributes": Object {
          "className": Array [
            "",
          ],
        },
        "children": Array [
          Object {
            "attributes": Object {},
            "children": Array [
              Object {
                "content": "
      Post
    ",
                "type": "Text",
              },
            ],
            "tagName": "span",
            "type": "Element",
          },
        ],
        "tagName": "li",
        "type": "Element",
      },
    ],
    "tagName": "ul",
    "type": "Element",
  },
]
`;
