exports[`Button renders correctly 1`] = `
Array [
  Object {
    "attributes": Object {
      "className": Array [
        "uk-button",
        "uk-active",
        "uk-button-primary",
        "uk-button-mini",
        "uk-width-1-1",
      ],
      "disabled": "disabled",
      "type": "submit",
    },
    "children": Array [
      Object {
        "content": "
        Button
      ",
        "type": "Text",
      },
    ],
    "tagName": "button",
    "type": "Element",
  },
]
`;
