exports[`ButtonRadio renders correctly 1`] = `
Array [
  Object {
    "attributes": Object {
      "className": Array [
        "uk-button-group",
      ],
    },
    "children": Array [
      Object {
        "attributes": Object {
          "className": Array [
            "uk-button",
            "uk-active",
          ],
          "type": "button",
        },
        "children": Array [
          Object {
            "content": "Button 1",
            "type": "Text",
          },
        ],
        "tagName": "button",
        "type": "Element",
      },
      Object {
        "content": " ",
        "type": "Text",
      },
      Object {
        "attributes": Object {
          "className": Array [
            "uk-button",
          ],
          "type": "button",
        },
        "children": Array [
          Object {
            "content": "Button 2",
            "type": "Text",
          },
        ],
        "tagName": "button",
        "type": "Element",
      },
      Object {
        "content": " ",
        "type": "Text",
      },
      Object {
        "attributes": Object {
          "className": Array [
            "uk-button",
          ],
          "type": "button",
        },
        "children": Array [
          Object {
            "content": "Button 3",
            "type": "Text",
          },
        ],
        "tagName": "button",
        "type": "Element",
      },
    ],
    "tagName": "div",
    "type": "Element",
  },
]
`;
