exports[`Datepicker renders correctly 1`] = `
Array [
  Object {
    "attributes": Object {},
    "children": Array [
      Object {
        "attributes": Object {
          "className": Array [
            "uk-datepicker-nav",
          ],
        },
        "children": Array [
          Object {
            "attributes": Object {
              "className": Array [
                "uk-datepicker-previous",
              ],
            },
            "children": Array [],
            "tagName": "a",
            "type": "Element",
          },
          Object {
            "content": " ",
            "type": "Text",
          },
          Object {
            "attributes": Object {
              "className": Array [
                "uk-datepicker-next",
              ],
            },
            "children": Array [],
            "tagName": "a",
            "type": "Element",
          },
          Object {
            "content": " ",
            "type": "Text",
          },
          Object {
            "attributes": Object {
              "className": Array [
                "uk-datepicker-heading",
              ],
            },
            "children": Array [
              Object {
                "attributes": Object {
                  "className": Array [
                    "uk-form-select",
                  ],
                },
                "children": Array [
                  Object {
                    "attributes": Object {},
                    "children": Array [
                      Object {
                        "content": "December",
                        "type": "Text",
                      },
                      Object {
                        "attributes": Object {},
                        "children": Array [
                          Object {
                            "attributes": Object {
                              "value": 0,
                            },
                            "children": Array [
                              Object {
                                "content": "January",
                                "type": "Text",
                              },
                            ],
                            "tagName": "option",
                            "type": "Element",
                          },
                          Object {
                            "attributes": Object {
                              "value": 1,
                            },
                            "children": Array [
                              Object {
                                "content": "February",
                                "type": "Text",
                              },
                            ],
                            "tagName": "option",
                            "type": "Element",
                          },
                          Object {
                            "attributes": Object {
                              "value": 2,
                            },
                            "children": Array [
                              Object {
                                "content": "March",
                                "type": "Text",
                              },
                            ],
                            "tagName": "option",
                            "type": "Element",
                          },
                          Object {
                            "attributes": Object {
                              "value": 3,
                            },
                            "children": Array [
                              Object {
                                "content": "April",
                                "type": "Text",
                              },
                            ],
                            "tagName": "option",
                            "type": "Element",
                          },
                          Object {
                            "attributes": Object {
                              "value": 4,
                            },
                            "children": Array [
                              Object {
                                "content": "May",
                                "type": "Text",
                              },
                            ],
                            "tagName": "option",
                            "type": "Element",
                          },
                          Object {
                            "attributes": Object {
                              "value": 5,
                            },
                            "children": Array [
                              Object {
                                "content": "June",
                                "type": "Text",
                              },
                            ],
                            "tagName": "option",
                            "type": "Element",
                          },
                          Object {
                            "attributes": Object {
                              "value": 6,
                            },
                            "children": Array [
                              Object {
                                "content": "July",
                                "type": "Text",
                              },
                            ],
                            "tagName": "option",
                            "type": "Element",
                          },
                          Object {
                            "attributes": Object {
                              "value": 7,
                            },
                            "children": Array [
                              Object {
                                "content": "August",
                                "type": "Text",
                              },
                            ],
                            "tagName": "option",
                            "type": "Element",
                          },
                          Object {
                            "attributes": Object {
                              "value": 8,
                            },
                            "children": Array [
                              Object {
                                "content": "September",
                                "type": "Text",
                              },
                            ],
                            "tagName": "option",
                            "type": "Element",
                          },
                          Object {
                            "attributes": Object {
                              "value": 9,
                            },
                            "children": Array [
                              Object {
                                "content": "October",
                                "type": "Text",
                              },
                            ],
                            "tagName": "option",
                            "type": "Element",
                          },
                          Object {
                            "attributes": Object {
                              "value": 10,
                            },
                            "children": Array [
                              Object {
                                "content": "November",
                                "type": "Text",
                              },
                            ],
                            "tagName": "option",
                            "type": "Element",
                          },
                          Object {
                            "attributes": Object {
                              "value": 11,
                            },
                            "children": Array [
                              Object {
                                "content": "December",
                                "type": "Text",
                              },
                            ],
                            "tagName": "option",
                            "type": "Element",
                          },
                        ],
                        "tagName": "select",
                        "type": "Element",
                      },
                    ],
                    "tagName": "a",
                    "type": "Element",
                  },
                ],
                "tagName": "span",
                "type": "Element",
              },
              Object {
                "content": "&nbsp;",
                "type": "Text",
              },
              Object {
                "attributes": Object {
                  "className": Array [
                    "uk-form-select",
                  ],
                },
                "children": Array [
                  Object {
                    "attributes": Object {},
                    "children": Array [
                      Object {
                        "content": "2014",
                        "type": "Text",
                      },
                      Object {
                        "attributes": Object {},
                        "children": Array [
                          Object {
                            "attributes": Object {
                              "value": 1980,
                            },
                            "children": Array [
                              Object {
                                "content": "1980",
                                "type": "Text",
                              },
                            ],
                            "tagName": "option",
                            "type": "Element",
                          },
                          Object {
                            "attributes": Object {
                              "value": 1981,
                            },
                            "children": Array [
                              Object {
                                "content": "1981",
                                "type": "Text",
                              },
                            ],
                            "tagName": "option",
                            "type": "Element",
                          },
                          Object {
                            "attributes": Object {
                              "value": 1982,
                            },
                            "children": Array [
                              Object {
                                "content": "1982",
                                "type": "Text",
                              },
                            ],
                            "tagName": "option",
                            "type": "Element",
                          },
                          Object {
                            "attributes": Object {
                              "value": 1983,
                            },
                            "children": Array [
                              Object {
                                "content": "1983",
                                "type": "Text",
                              },
                            ],
                            "tagName": "option",
                            "type": "Element",
                          },
                          Object {
                            "attributes": Object {
                              "value": 1984,
                            },
                            "children": Array [
                              Object {
                                "content": "1984",
                                "type": "Text",
                              },
                            ],
                            "tagName": "option",
                            "type": "Element",
                          },
                          Object {
                            "attributes": Object {
                              "value": 1985,
                            },
                            "children": Array [
                              Object {
                                "content": "1985",
                                "type": "Text",
                              },
                            ],
                            "tagName": "option",
                            "type": "Element",
                          },
                          Object {
                            "attributes": Object {
                              "value": 1986,
                            },
                            "children": Array [
                              Object {
                                "content": "1986",
                                "type": "Text",
                              },
                            ],
                            "tagName": "option",
                            "type": "Element",
                          },
                          Object {
                            "attributes": Object {
                              "value": 1987,
                            },
                            "children": Array [
                              Object {
                                "content": "1987",
                                "type": "Text",
                              },
                            ],
                            "tagName": "option",
                            "type": "Element",
                          },
                          Object {
                            "attributes": Object {
                              "value": 1988,
                            },
                            "children": Array [
                              Object {
                                "content": "1988",
                                "type": "Text",
                              },
                            ],
                            "tagName": "option",
                            "type": "Element",
                          },
                          Object {
                            "attributes": Object {
                              "value": 1989,
                            },
                            "children": Array [
                              Object {
                                "content": "1989",
                                "type": "Text",
                              },
                            ],
                            "tagName": "option",
                            "type": "Element",
                          },
                          Object {
                            "attributes": Object {
                              "value": 1990,
                            },
                            "children": Array [
                              Object {
                                "content": "1990",
                                "type": "Text",
                              },
                            ],
                            "tagName": "option",
                            "type": "Element",
                          },
                          Object {
                            "attributes": Object {
                              "value": 1991,
                            },
                            "children": Array [
                              Object {
                                "content": "1991",
                                "type": "Text",
                              },
                            ],
                            "tagName": "option",
                            "type": "Element",
                          },
                          Object {
                            "attributes": Object {
                              "value": 1992,
                            },
                            "children": Array [
                              Object {
                                "content": "1992",
                                "type": "Text",
                              },
                            ],
                            "tagName": "option",
                            "type": "Element",
                          },
                          Object {
                            "attributes": Object {
                              "value": 1993,
                            },
                            "children": Array [
                              Object {
                                "content": "1993",
                                "type": "Text",
                              },
                            ],
                            "tagName": "option",
                            "type": "Element",
                          },
                          Object {
                            "attributes": Object {
                              "value": 1994,
                            },
                            "children": Array [
                              Object {
                                "content": "1994",
                                "type": "Text",
                              },
                            ],
                            "tagName": "option",
                            "type": "Element",
                          },
                          Object {
                            "attributes": Object {
                              "value": 1995,
                            },
                            "children": Array [
                              Object {
                                "content": "1995",
                                "type": "Text",
                              },
                            ],
                            "tagName": "option",
                            "type": "Element",
                          },
                          Object {
                            "attributes": Object {
                              "value": 1996,
                            },
                            "children": Array [
                              Object {
                                "content": "1996",
                                "type": "Text",
                              },
                            ],
                            "tagName": "option",
                            "type": "Element",
                          },
                          Object {
                            "attributes": Object {
                              "value": 1997,
                            },
                            "children": Array [
                              Object {
                                "content": "1997",
                                "type": "Text",
                              },
                            ],
                            "tagName": "option",
                            "type": "Element",
                          },
                          Object {
                            "attributes": Object {
                              "value": 1998,
                            },
                            "children": Array [
                              Object {
                                "content": "1998",
                                "type": "Text",
                              },
                            ],
                            "tagName": "option",
                            "type": "Element",
                          },
                          Object {
                            "attributes": Object {
                              "value": 1999,
                            },
                            "children": Array [
                              Object {
                                "content": "1999",
                                "type": "Text",
                              },
                            ],
                            "tagName": "option",
                            "type": "Element",
                          },
                          Object {
                            "attributes": Object {
                              "value": 2000,
                            },
                            "children": Array [
                              Object {
                                "content": "2000",
                                "type": "Text",
                              },
                            ],
                            "tagName": "option",
                            "type": "Element",
                          },
                          Object {
                            "attributes": Object {
                              "value": 2001,
                            },
                            "children": Array [
                              Object {
                                "content": "2001",
                                "type": "Text",
                              },
                            ],
                            "tagName": "option",
                            "type": "Element",
                          },
                          Object {
                            "attributes": Object {
                              "value": 2002,
                            },
                            "children": Array [
                              Object {
                                "content": "2002",
                                "type": "Text",
                              },
                            ],
                            "tagName": "option",
                            "type": "Element",
                          },
                          Object {
                            "attributes": Object {
                              "value": 2003,
                            },
                            "children": Array [
                              Object {
                                "content": "2003",
                                "type": "Text",
                              },
                            ],
                            "tagName": "option",
                            "type": "Element",
                          },
                          Object {
                            "attributes": Object {
                              "value": 2004,
                            },
                            "children": Array [
                              Object {
                                "content": "2004",
                                "type": "Text",
                              },
                            ],
                            "tagName": "option",
                            "type": "Element",
                          },
                          Object {
                            "attributes": Object {
                              "value": 2005,
                            },
                            "children": Array [
                              Object {
                                "content": "2005",
                                "type": "Text",
                              },
                            ],
                            "tagName": "option",
                            "type": "Element",
                          },
                          Object {
                            "attributes": Object {
                              "value": 2006,
                            },
                            "children": Array [
                              Object {
                                "content": "2006",
                                "type": "Text",
                              },
                            ],
                            "tagName": "option",
                            "type": "Element",
                          },
                          Object {
                            "attributes": Object {
                              "value": 2007,
                            },
                            "children": Array [
                              Object {
                                "content": "2007",
                                "type": "Text",
                              },
                            ],
                            "tagName": "option",
                            "type": "Element",
                          },
                          Object {
                            "attributes": Object {
                              "value": 2008,
                            },
                            "children": Array [
                              Object {
                                "content": "2008",
                                "type": "Text",
                              },
                            ],
                            "tagName": "option",
                            "type": "Element",
                          },
                          Object {
                            "attributes": Object {
                              "value": 2009,
                            },
                            "children": Array [
                              Object {
                                "content": "2009",
                                "type": "Text",
                              },
                            ],
                            "tagName": "option",
                            "type": "Element",
                          },
                          Object {
                            "attributes": Object {
                              "value": 2010,
                            },
                            "children": Array [
                              Object {
                                "content": "2010",
                                "type": "Text",
                              },
                            ],
                            "tagName": "option",
                            "type": "Element",
                          },
                          Object {
                            "attributes": Object {
                              "value": 2011,
                            },
                            "children": Array [
                              Object {
                                "content": "2011",
                                "type": "Text",
                              },
                            ],
                            "tagName": "option",
                            "type": "Element",
                          },
                          Object {
                            "attributes": Object {
                              "value": 2012,
                            },
                            "children": Array [
                              Object {
                                "content": "2012",
                                "type": "Text",
                              },
                            ],
                            "tagName": "option",
                            "type": "Element",
                          },
                          Object {
                            "attributes": Object {
                              "value": 2013,
                            },
                            "children": Array [
                              Object {
                                "content": "2013",
                                "type": "Text",
                              },
                            ],
                            "tagName": "option",
                            "type": "Element",
                          },
                          Object {
                            "attributes": Object {
                              "value": 2014,
                            },
                            "children": Array [
                              Object {
                                "content": "2014",
                                "type": "Text",
                              },
                            ],
                            "tagName": "option",
                            "type": "Element",
                          },
                          Object {
                            "attributes": Object {
                              "value": 2015,
                            },
                            "children": Array [
                              Object {
                                "content": "2015",
                                "type": "Text",
                              },
                            ],
                            "tagName": "option",
                            "type": "Element",
                          },
                          Object {
                            "attributes": Object {
                              "value": 2016,
                            },
                            "children": Array [
                              Object {
                                "content": "2016",
                                "type": "Text",
                              },
                            ],
                            "tagName": "option",
                            "type": "Element",
                          },
                          Object {
                            "attributes": Object {
                              "value": 2017,
                            },
                            "children": Array [
                              Object {
                                "content": "2017",
                                "type": "Text",
                              },
                            ],
                            "tagName": "option",
                            "type": "Element",
                          },
                          Object {
                            "attributes": Object {
                              "value": 2018,
                            },
                            "children": Array [
                              Object {
                                "content": "2018",
                                "type": "Text",
                              },
                            ],
                            "tagName": "option",
                            "type": "Element",
                          },
                          Object {
                            "attributes": Object {
                              "value": 2019,
                            },
                            "children": Array [
                              Object {
                                "content": "2019",
                                "type": "Text",
                              },
                            ],
                            "tagName": "option",
                            "type": "Element",
                          },
                          Object {
                            "attributes": Object {
                              "value": 2020,
                            },
                            "children": Array [
                              Object {
                                "content": "2020",
                                "type": "Text",
                              },
                            ],
                            "tagName": "option",
                            "type": "Element",
                          },
                          Object {
                            "attributes": Object {
                              "value": 2021,
                            },
                            "children": Array [
                              Object {
                                "content": "2021",
                                "type": "Text",
                              },
                            ],
                            "tagName": "option",
                            "type": "Element",
                          },
                          Object {
                            "attributes": Object {
                              "value": 2022,
                            },
                            "children": Array [
                              Object {
                                "content": "2022",
                                "type": "Text",
                              },
                            ],
                            "tagName": "option",
                            "type": "Element",
                          },
                          Object {
                            "attributes": Object {
                              "value": 2023,
                            },
                            "children": Array [
                              Object {
                                "content": "2023",
                                "type": "Text",
                              },
                            ],
                            "tagName": "option",
                            "type": "Element",
                          },
                          Object {
                            "attributes": Object {
                              "value": 2024,
                            },
                            "children": Array [
                              Object {
                                "content": "2024",
                                "type": "Text",
                              },
                            ],
                            "tagName": "option",
                            "type": "Element",
                          },
                          Object {
                            "attributes": Object {
                              "value": 2025,
                            },
                            "children": Array [
                              Object {
                                "content": "2025",
                                "type": "Text",
                              },
                            ],
                            "tagName": "option",
                            "type": "Element",
                          },
                          Object {
                            "attributes": Object {
                              "value": 2026,
                            },
                            "children": Array [
                              Object {
                                "content": "2026",
                                "type": "Text",
                              },
                            ],
                            "tagName": "option",
                            "type": "Element",
                          },
                          Object {
                            "attributes": Object {
                              "value": 2027,
                            },
                            "children": Array [
                              Object {
                                "content": "2027",
                                "type": "Text",
                              },
                            ],
                            "tagName": "option",
                            "type": "Element",
                          },
                          Object {
                            "attributes": Object {
                              "value": 2028,
                            },
                            "children": Array [
                              Object {
                                "content": "2028",
                                "type": "Text",
                              },
                            ],
                            "tagName": "option",
                            "type": "Element",
                          },
                          Object {
                            "attributes": Object {
                              "value": 2029,
                            },
                            "children": Array [
                              Object {
                                "content": "2029",
                                "type": "Text",
                              },
                            ],
                            "tagName": "option",
                            "type": "Element",
                          },
                          Object {
                            "attributes": Object {
                              "value": 2030,
                            },
                            "children": Array [
                              Object {
                                "content": "2030",
                                "type": "Text",
                              },
                            ],
                            "tagName": "option",
                            "type": "Element",
                          },
                          Object {
                            "attributes": Object {
                              "value": 2031,
                            },
                            "children": Array [
                              Object {
                                "content": "2031",
                                "type": "Text",
                              },
                            ],
                            "tagName": "option",
                            "type": "Element",
                          },
                          Object {
                            "attributes": Object {
                              "value": 2032,
                            },
                            "children": Array [
                              Object {
                                "content": "2032",
                                "type": "Text",
                              },
                            ],
                            "tagName": "option",
                            "type": "Element",
                          },
                          Object {
                            "attributes": Object {
                              "value": 2033,
                            },
                            "children": Array [
                              Object {
                                "content": "2033",
                                "type": "Text",
                              },
                            ],
                            "tagName": "option",
                            "type": "Element",
                          },
                          Object {
                            "attributes": Object {
                              "value": 2034,
                            },
                            "children": Array [
                              Object {
                                "content": "2034",
                                "type": "Text",
                              },
                            ],
                            "tagName": "option",
                            "type": "Element",
                          },
                          Object {
                            "attributes": Object {
                              "value": 2035,
                            },
                            "children": Array [
                              Object {
                                "content": "2035",
                                "type": "Text",
                              },
                            ],
                            "tagName": "option",
                            "type": "Element",
                          },
                          Object {
                            "attributes": Object {
                              "value": 2036,
                            },
                            "children": Array [
                              Object {
                                "content": "2036",
                                "type": "Text",
                              },
                            ],
                            "tagName": "option",
                            "type": "Element",
                          },
                          Object {
                            "attributes": Object {
                              "value": 2037,
                            },
                            "children": Array [
                              Object {
                                "content": "2037",
                                "type": "Text",
                              },
                            ],
                            "tagName": "option",
                            "type": "Element",
                          },
                          Object {
                            "attributes": Object {
                              "value": 2038,
                            },
                            "children": Array [
                              Object {
                                "content": "2038",
                                "type": "Text",
                              },
                            ],
                            "tagName": "option",
                            "type": "Element",
                          },
                          Object {
                            "attributes": Object {
                              "value": 2039,
                            },
                            "children": Array [
                              Object {
                                "content": "2039",
                                "type": "Text",
                              },
                            ],
                            "tagName": "option",
                            "type": "Element",
                          },
                          Object {
                            "attributes": Object {
                              "value": 2040,
                            },
                            "children": Array [
                              Object {
                                "content": "2040",
                                "type": "Text",
                              },
                            ],
                            "tagName": "option",
                            "type": "Element",
                          },
                          Object {
                            "attributes": Object {
                              "value": 2041,
                            },
                            "children": Array [
                              Object {
                                "content": "2041",
                                "type": "Text",
                              },
                            ],
                            "tagName": "option",
                            "type": "Element",
                          },
                          Object {
                            "attributes": Object {
                              "value": 2042,
                            },
                            "children": Array [
                              Object {
                                "content": "2042",
                                "type": "Text",
                              },
                            ],
                            "tagName": "option",
                            "type": "Element",
                          },
                          Object {
                            "attributes": Object {
                              "value": 2043,
                            },
                            "children": Array [
                              Object {
                                "content": "2043",
                                "type": "Text",
                              },
                            ],
                            "tagName": "option",
                            "type": "Element",
                          },
                          Object {
                            "attributes": Object {
                              "value": 2044,
                            },
                            "children": Array [
                              Object {
                                "content": "2044",
                                "type": "Text",
                              },
                            ],
                            "tagName": "option",
                            "type": "Element",
                          },
                          Object {
                            "attributes": Object {
                              "value": 2045,
                            },
                            "children": Array [
                              Object {
                                "content": "2045",
                                "type": "Text",
                              },
                            ],
                            "tagName": "option",
                            "type": "Element",
                          },
                          Object {
                            "attributes": Object {
                              "value": 2046,
                            },
                            "children": Array [
                              Object {
                                "content": "2046",
                                "type": "Text",
                              },
                            ],
                            "tagName": "option",
                            "type": "Element",
                          },
                          Object {
                            "attributes": Object {
                              "value": 2047,
                            },
                            "children": Array [
                              Object {
                                "content": "2047",
                                "type": "Text",
                              },
                            ],
                            "tagName": "option",
                            "type": "Element",
                          },
                          Object {
                            "attributes": Object {
                              "value": 2048,
                            },
                            "children": Array [
                              Object {
                                "content": "2048",
                                "type": "Text",
                              },
                            ],
                            "tagName": "option",
                            "type": "Element",
                          },
                          Object {
                            "attributes": Object {
                              "value": 2049,
                            },
                            "children": Array [
                              Object {
                                "content": "2049",
                                "type": "Text",
                              },
                            ],
                            "tagName": "option",
                            "type": "Element",
                          },
                          Object {
                            "attributes": Object {
                              "value": 2050,
                            },
                            "children": Array [
                              Object {
                                "content": "2050",
                                "type": "Text",
                              },
                            ],
                            "tagName": "option",
                            "type": "Element",
                          },
                        ],
                        "tagName": "select",
                        "type": "Element",
                      },
                    ],
                    "tagName": "a",
                    "type": "Element",
                  },
                ],
                "tagName": "span",
                "type": "Element",
              },
            ],
            "tagName": "div",
            "type": "Element",
          },
        ],
        "tagName": "div",
        "type": "Element",
      },
      Object {
        "content": " ",
        "type": "Text",
      },
      Object {
        "attributes": Object {
          "className": Array [
            "uk-datepicker-table",
          ],
        },
        "children": Array [
          Object {
            "attributes": Object {},
            "children": Array [
              Object {
                "attributes": Object {},
                "children": Array [
                  Object {
                    "attributes": Object {},
                    "children": Array [
                      Object {
                        "content": "
          Sun
        ",
                        "type": "Text",
                      },
                    ],
                    "tagName": "th",
                    "type": "Element",
                  },
                  Object {
                    "attributes": Object {},
                    "children": Array [
                      Object {
                        "content": "
          Mon
        ",
                        "type": "Text",
                      },
                    ],
                    "tagName": "th",
                    "type": "Element",
                  },
                  Object {
                    "attributes": Object {},
                    "children": Array [
                      Object {
                        "content": "
          Tue
        ",
                        "type": "Text",
                      },
                    ],
                    "tagName": "th",
                    "type": "Element",
                  },
                  Object {
                    "attributes": Object {},
                    "children": Array [
                      Object {
                        "content": "
          Wed
        ",
                        "type": "Text",
                      },
                    ],
                    "tagName": "th",
                    "type": "Element",
                  },
                  Object {
                    "attributes": Object {},
                    "children": Array [
                      Object {
                        "content": "
          Thu
        ",
                        "type": "Text",
                      },
                    ],
                    "tagName": "th",
                    "type": "Element",
                  },
                  Object {
                    "attributes": Object {},
                    "children": Array [
                      Object {
                        "content": "
          Fri
        ",
                        "type": "Text",
                      },
                    ],
                    "tagName": "th",
                    "type": "Element",
                  },
                  Object {
                    "attributes": Object {},
                    "children": Array [
                      Object {
                        "content": "
          Sat
        ",
                        "type": "Text",
                      },
                    ],
                    "tagName": "th",
                    "type": "Element",
                  },
                ],
                "tagName": "tr",
                "type": "Element",
              },
            ],
            "tagName": "thead",
            "type": "Element",
          },
          Object {
            "content": " ",
            "type": "Text",
          },
          Object {
            "attributes": Object {},
            "children": Array [
              Object {
                "attributes": Object {},
                "children": Array [
                  Object {
                    "attributes": Object {},
                    "children": Array [
                      Object {
                        "attributes": Object {
                          "className": Array [
                            "uk-datepicker-table-muted",
                          ],
                        },
                        "children": Array [
                          Object {
                            "content": "
            30
          ",
                            "type": "Text",
                          },
                        ],
                        "tagName": "a",
                        "type": "Element",
                      },
                    ],
                    "tagName": "td",
                    "type": "Element",
                  },
                  Object {
                    "attributes": Object {},
                    "children": Array [
                      Object {
                        "attributes": Object {
                          "className": Array [
                            "",
                          ],
                        },
                        "children": Array [
                          Object {
                            "content": "
            1
          ",
                            "type": "Text",
                          },
                        ],
                        "tagName": "a",
                        "type": "Element",
                      },
                    ],
                    "tagName": "td",
                    "type": "Element",
                  },
                  Object {
                    "attributes": Object {},
                    "children": Array [
                      Object {
                        "attributes": Object {
                          "className": Array [
                            "",
                          ],
                        },
                        "children": Array [
                          Object {
                            "content": "
            2
          ",
                            "type": "Text",
                          },
                        ],
                        "tagName": "a",
                        "type": "Element",
                      },
                    ],
                    "tagName": "td",
                    "type": "Element",
                  },
                  Object {
                    "attributes": Object {},
                    "children": Array [
                      Object {
                        "attributes": Object {
                          "className": Array [
                            "",
                          ],
                        },
                        "children": Array [
                          Object {
                            "content": "
            3
          ",
                            "type": "Text",
                          },
                        ],
                        "tagName": "a",
                        "type": "Element",
                      },
                    ],
                    "tagName": "td",
                    "type": "Element",
                  },
                  Object {
                    "attributes": Object {},
                    "children": Array [
                      Object {
                        "attributes": Object {
                          "className": Array [
                            "",
                          ],
                        },
                        "children": Array [
                          Object {
                            "content": "
            4
          ",
                            "type": "Text",
                          },
                        ],
                        "tagName": "a",
                        "type": "Element",
                      },
                    ],
                    "tagName": "td",
                    "type": "Element",
                  },
                  Object {
                    "attributes": Object {},
                    "children": Array [
                      Object {
                        "attributes": Object {
                          "className": Array [
                            "",
                          ],
                        },
                        "children": Array [
                          Object {
                            "content": "
            5
          ",
                            "type": "Text",
                          },
                        ],
                        "tagName": "a",
                        "type": "Element",
                      },
                    ],
                    "tagName": "td",
                    "type": "Element",
                  },
                  Object {
                    "attributes": Object {},
                    "children": Array [
                      Object {
                        "attributes": Object {
                          "className": Array [
                            "",
                          ],
                        },
                        "children": Array [
                          Object {
                            "content": "
            6
          ",
                            "type": "Text",
                          },
                        ],
                        "tagName": "a",
                        "type": "Element",
                      },
                    ],
                    "tagName": "td",
                    "type": "Element",
                  },
                ],
                "tagName": "tr",
                "type": "Element",
              },
              Object {
                "attributes": Object {},
                "children": Array [
                  Object {
                    "attributes": Object {},
                    "children": Array [
                      Object {
                        "attributes": Object {
                          "className": Array [
                            "",
                          ],
                        },
                        "children": Array [
                          Object {
                            "content": "
            7
          ",
                            "type": "Text",
                          },
                        ],
                        "tagName": "a",
                        "type": "Element",
                      },
                    ],
                    "tagName": "td",
                    "type": "Element",
                  },
                  Object {
                    "attributes": Object {},
                    "children": Array [
                      Object {
                        "attributes": Object {
                          "className": Array [
                            "",
                          ],
                        },
                        "children": Array [
                          Object {
                            "content": "
            8
          ",
                            "type": "Text",
                          },
                        ],
                        "tagName": "a",
                        "type": "Element",
                      },
                    ],
                    "tagName": "td",
                    "type": "Element",
                  },
                  Object {
                    "attributes": Object {},
                    "children": Array [
                      Object {
                        "attributes": Object {
                          "className": Array [
                            "",
                          ],
                        },
                        "children": Array [
                          Object {
                            "content": "
            9
          ",
                            "type": "Text",
                          },
                        ],
                        "tagName": "a",
                        "type": "Element",
                      },
                    ],
                    "tagName": "td",
                    "type": "Element",
                  },
                  Object {
                    "attributes": Object {},
                    "children": Array [
                      Object {
                        "attributes": Object {
                          "className": Array [
                            "",
                          ],
                        },
                        "children": Array [
                          Object {
                            "content": "
            10
          ",
                            "type": "Text",
                          },
                        ],
                        "tagName": "a",
                        "type": "Element",
                      },
                    ],
                    "tagName": "td",
                    "type": "Element",
                  },
                  Object {
                    "attributes": Object {},
                    "children": Array [
                      Object {
                        "attributes": Object {
                          "className": Array [
                            "",
                          ],
                        },
                        "children": Array [
                          Object {
                            "content": "
            11
          ",
                            "type": "Text",
                          },
                        ],
                        "tagName": "a",
                        "type": "Element",
                      },
                    ],
                    "tagName": "td",
                    "type": "Element",
                  },
                  Object {
                    "attributes": Object {},
                    "children": Array [
                      Object {
                        "attributes": Object {
                          "className": Array [
                            "",
                          ],
                        },
                        "children": Array [
                          Object {
                            "content": "
            12
          ",
                            "type": "Text",
                          },
                        ],
                        "tagName": "a",
                        "type": "Element",
                      },
                    ],
                    "tagName": "td",
                    "type": "Element",
                  },
                  Object {
                    "attributes": Object {},
                    "children": Array [
                      Object {
                        "attributes": Object {
                          "className": Array [
                            "",
                          ],
                        },
                        "children": Array [
                          Object {
                            "content": "
            13
          ",
                            "type": "Text",
                          },
                        ],
                        "tagName": "a",
                        "type": "Element",
                      },
                    ],
                    "tagName": "td",
                    "type": "Element",
                  },
                ],
                "tagName": "tr",
                "type": "Element",
              },
              Object {
                "attributes": Object {},
                "children": Array [
                  Object {
                    "attributes": Object {},
                    "children": Array [
                      Object {
                        "attributes": Object {
                          "className": Array [
                            "",
                          ],
                        },
                        "children": Array [
                          Object {
                            "content": "
            14
          ",
                            "type": "Text",
                          },
                        ],
                        "tagName": "a",
                        "type": "Element",
                      },
                    ],
                    "tagName": "td",
                    "type": "Element",
                  },
                  Object {
                    "attributes": Object {},
                    "children": Array [
                      Object {
                        "attributes": Object {
                          "className": Array [
                            "",
                          ],
                        },
                        "children": Array [
                          Object {
                            "content": "
            15
          ",
                            "type": "Text",
                          },
                        ],
                        "tagName": "a",
                        "type": "Element",
                      },
                    ],
                    "tagName": "td",
                    "type": "Element",
                  },
                  Object {
                    "attributes": Object {},
                    "children": Array [
                      Object {
                        "attributes": Object {
                          "className": Array [
                            "",
                          ],
                        },
                        "children": Array [
                          Object {
                            "content": "
            16
          ",
                            "type": "Text",
                          },
                        ],
                        "tagName": "a",
                        "type": "Element",
                      },
                    ],
                    "tagName": "td",
                    "type": "Element",
                  },
                  Object {
                    "attributes": Object {},
                    "children": Array [
                      Object {
                        "attributes": Object {
                          "className": Array [
                            "",
                          ],
                        },
                        "children": Array [
                          Object {
                            "content": "
            17
          ",
                            "type": "Text",
                          },
                        ],
                        "tagName": "a",
                        "type": "Element",
                      },
                    ],
                    "tagName": "td",
                    "type": "Element",
                  },
                  Object {
                    "attributes": Object {},
                    "children": Array [
                      Object {
                        "attributes": Object {
                          "className": Array [
                            "",
                          ],
                        },
                        "children": Array [
                          Object {
                            "content": "
            18
          ",
                            "type": "Text",
                          },
                        ],
                        "tagName": "a",
                        "type": "Element",
                      },
                    ],
                    "tagName": "td",
                    "type": "Element",
                  },
                  Object {
                    "attributes": Object {},
                    "children": Array [
                      Object {
                        "attributes": Object {
                          "className": Array [
                            "",
                          ],
                        },
                        "children": Array [
                          Object {
                            "content": "
            19
          ",
                            "type": "Text",
                          },
                        ],
                        "tagName": "a",
                        "type": "Element",
                      },
                    ],
                    "tagName": "td",
                    "type": "Element",
                  },
                  Object {
                    "attributes": Object {},
                    "children": Array [
                      Object {
                        "attributes": Object {
                          "className": Array [
                            "",
                          ],
                        },
                        "children": Array [
                          Object {
                            "content": "
            20
          ",
                            "type": "Text",
                          },
                        ],
                        "tagName": "a",
                        "type": "Element",
                      },
                    ],
                    "tagName": "td",
                    "type": "Element",
                  },
                ],
                "tagName": "tr",
                "type": "Element",
              },
              Object {
                "attributes": Object {},
                "children": Array [
                  Object {
                    "attributes": Object {},
                    "children": Array [
                      Object {
                        "attributes": Object {
                          "className": Array [
                            "",
                          ],
                        },
                        "children": Array [
                          Object {
                            "content": "
            21
          ",
                            "type": "Text",
                          },
                        ],
                        "tagName": "a",
                        "type": "Element",
                      },
                    ],
                    "tagName": "td",
                    "type": "Element",
                  },
                  Object {
                    "attributes": Object {},
                    "children": Array [
                      Object {
                        "attributes": Object {
                          "className": Array [
                            "",
                          ],
                        },
                        "children": Array [
                          Object {
                            "content": "
            22
          ",
                            "type": "Text",
                          },
                        ],
                        "tagName": "a",
                        "type": "Element",
                      },
                    ],
                    "tagName": "td",
                    "type": "Element",
                  },
                  Object {
                    "attributes": Object {},
                    "children": Array [
                      Object {
                        "attributes": Object {
                          "className": Array [
                            "",
                          ],
                        },
                        "children": Array [
                          Object {
                            "content": "
            23
          ",
                            "type": "Text",
                          },
                        ],
                        "tagName": "a",
                        "type": "Element",
                      },
                    ],
                    "tagName": "td",
                    "type": "Element",
                  },
                  Object {
                    "attributes": Object {},
                    "children": Array [
                      Object {
                        "attributes": Object {
                          "className": Array [
                            "",
                          ],
                        },
                        "children": Array [
                          Object {
                            "content": "
            24
          ",
                            "type": "Text",
                          },
                        ],
                        "tagName": "a",
                        "type": "Element",
                      },
                    ],
                    "tagName": "td",
                    "type": "Element",
                  },
                  Object {
                    "attributes": Object {},
                    "children": Array [
                      Object {
                        "attributes": Object {
                          "className": Array [
                            "",
                          ],
                        },
                        "children": Array [
                          Object {
                            "content": "
            25
          ",
                            "type": "Text",
                          },
                        ],
                        "tagName": "a",
                        "type": "Element",
                      },
                    ],
                    "tagName": "td",
                    "type": "Element",
                  },
                  Object {
                    "attributes": Object {},
                    "children": Array [
                      Object {
                        "attributes": Object {
                          "className": Array [
                            "",
                          ],
                        },
                        "children": Array [
                          Object {
                            "content": "
            26
          ",
                            "type": "Text",
                          },
                        ],
                        "tagName": "a",
                        "type": "Element",
                      },
                    ],
                    "tagName": "td",
                    "type": "Element",
                  },
                  Object {
                    "attributes": Object {},
                    "children": Array [
                      Object {
                        "attributes": Object {
                          "className": Array [
                            "",
                          ],
                        },
                        "children": Array [
                          Object {
                            "content": "
            27
          ",
                            "type": "Text",
                          },
                        ],
                        "tagName": "a",
                        "type": "Element",
                      },
                    ],
                    "tagName": "td",
                    "type": "Element",
                  },
                ],
                "tagName": "tr",
                "type": "Element",
              },
              Object {
                "attributes": Object {},
                "children": Array [
                  Object {
                    "attributes": Object {},
                    "children": Array [
                      Object {
                        "attributes": Object {
                          "className": Array [
                            "",
                          ],
                        },
                        "children": Array [
                          Object {
                            "content": "
            28
          ",
                            "type": "Text",
                          },
                        ],
                        "tagName": "a",
                        "type": "Element",
                      },
                    ],
                    "tagName": "td",
                    "type": "Element",
                  },
                  Object {
                    "attributes": Object {},
                    "children": Array [
                      Object {
                        "attributes": Object {
                          "className": Array [
                            "",
                          ],
                        },
                        "children": Array [
                          Object {
                            "content": "
            29
          ",
                            "type": "Text",
                          },
                        ],
                        "tagName": "a",
                        "type": "Element",
                      },
                    ],
                    "tagName": "td",
                    "type": "Element",
                  },
                  Object {
                    "attributes": Object {},
                    "children": Array [
                      Object {
                        "attributes": Object {
                          "className": Array [
                            "",
                          ],
                        },
                        "children": Array [
                          Object {
                            "content": "
            30
          ",
                            "type": "Text",
                          },
                        ],
                        "tagName": "a",
                        "type": "Element",
                      },
                    ],
                    "tagName": "td",
                    "type": "Element",
                  },
                  Object {
                    "attributes": Object {},
                    "children": Array [
                      Object {
                        "attributes": Object {
                          "className": Array [
                            "",
                          ],
                        },
                        "children": Array [
                          Object {
                            "content": "
            31
          ",
                            "type": "Text",
                          },
                        ],
                        "tagName": "a",
                        "type": "Element",
                      },
                    ],
                    "tagName": "td",
                    "type": "Element",
                  },
                  Object {
                    "attributes": Object {},
                    "children": Array [
                      Object {
                        "attributes": Object {
                          "className": Array [
                            "uk-datepicker-table-muted",
                          ],
                        },
                        "children": Array [
                          Object {
                            "content": "
            1
          ",
                            "type": "Text",
                          },
                        ],
                        "tagName": "a",
                        "type": "Element",
                      },
                    ],
                    "tagName": "td",
                    "type": "Element",
                  },
                  Object {
                    "attributes": Object {},
                    "children": Array [
                      Object {
                        "attributes": Object {
                          "className": Array [
                            "uk-datepicker-table-muted",
                          ],
                        },
                        "children": Array [
                          Object {
                            "content": "
            2
          ",
                            "type": "Text",
                          },
                        ],
                        "tagName": "a",
                        "type": "Element",
                      },
                    ],
                    "tagName": "td",
                    "type": "Element",
                  },
                  Object {
                    "attributes": Object {},
                    "children": Array [
                      Object {
                        "attributes": Object {
                          "className": Array [
                            "uk-datepicker-table-muted",
                          ],
                        },
                        "children": Array [
                          Object {
                            "content": "
            3
          ",
                            "type": "Text",
                          },
                        ],
                        "tagName": "a",
                        "type": "Element",
                      },
                    ],
                    "tagName": "td",
                    "type": "Element",
                  },
                ],
                "tagName": "tr",
                "type": "Element",
              },
              Object {
                "attributes": Object {},
                "children": Array [
                  Object {
                    "attributes": Object {},
                    "children": Array [
                      Object {
                        "attributes": Object {
                          "className": Array [
                            "uk-datepicker-table-muted",
                          ],
                        },
                        "children": Array [
                          Object {
                            "content": "
            4
          ",
                            "type": "Text",
                          },
                        ],
                        "tagName": "a",
                        "type": "Element",
                      },
                    ],
                    "tagName": "td",
                    "type": "Element",
                  },
                  Object {
                    "attributes": Object {},
                    "children": Array [
                      Object {
                        "attributes": Object {
                          "className": Array [
                            "uk-datepicker-table-muted",
                          ],
                        },
                        "children": Array [
                          Object {
                            "content": "
            5
          ",
                            "type": "Text",
                          },
                        ],
                        "tagName": "a",
                        "type": "Element",
                      },
                    ],
                    "tagName": "td",
                    "type": "Element",
                  },
                  Object {
                    "attributes": Object {},
                    "children": Array [
                      Object {
                        "attributes": Object {
                          "className": Array [
                            "uk-datepicker-table-muted",
                          ],
                        },
                        "children": Array [
                          Object {
                            "content": "
            6
          ",
                            "type": "Text",
                          },
                        ],
                        "tagName": "a",
                        "type": "Element",
                      },
                    ],
                    "tagName": "td",
                    "type": "Element",
                  },
                  Object {
                    "attributes": Object {},
                    "children": Array [
                      Object {
                        "attributes": Object {
                          "className": Array [
                            "uk-datepicker-table-muted",
                          ],
                        },
                        "children": Array [
                          Object {
                            "content": "
            7
          ",
                            "type": "Text",
                          },
                        ],
                        "tagName": "a",
                        "type": "Element",
                      },
                    ],
                    "tagName": "td",
                    "type": "Element",
                  },
                  Object {
                    "attributes": Object {},
                    "children": Array [
                      Object {
                        "attributes": Object {
                          "className": Array [
                            "uk-datepicker-table-muted",
                          ],
                        },
                        "children": Array [
                          Object {
                            "content": "
            8
          ",
                            "type": "Text",
                          },
                        ],
                        "tagName": "a",
                        "type": "Element",
                      },
                    ],
                    "tagName": "td",
                    "type": "Element",
                  },
                  Object {
                    "attributes": Object {},
                    "children": Array [
                      Object {
                        "attributes": Object {
                          "className": Array [
                            "uk-datepicker-table-muted",
                          ],
                        },
                        "children": Array [
                          Object {
                            "content": "
            9
          ",
                            "type": "Text",
                          },
                        ],
                        "tagName": "a",
                        "type": "Element",
                      },
                    ],
                    "tagName": "td",
                    "type": "Element",
                  },
                  Object {
                    "attributes": Object {},
                    "children": Array [
                      Object {
                        "attributes": Object {
                          "className": Array [
                            "uk-datepicker-table-muted",
                          ],
                        },
                        "children": Array [
                          Object {
                            "content": "
            10
          ",
                            "type": "Text",
                          },
                        ],
                        "tagName": "a",
                        "type": "Element",
                      },
                    ],
                    "tagName": "td",
                    "type": "Element",
                  },
                ],
                "tagName": "tr",
                "type": "Element",
              },
            ],
            "tagName": "tbody",
            "type": "Element",
          },
        ],
        "tagName": "table",
        "type": "Element",
      },
    ],
    "tagName": "div",
    "type": "Element",
  },
]
`;
