exports[`Modal renders correctly 1`] = `
Array [
  Object {
    "attributes": Object {
      "className": Array [
        "uk-modal",
      ],
      "style": Object {
        "display": "block",
      },
    },
    "children": Array [
      Object {
        "attributes": Object {
          "className": Array [
            "uk-modal-dialog",
            "uk-modal-dialog-large",
            "uk-modal-dialog-lightbox",
            "uk-modal-dialog-blank",
          ],
        },
        "children": Array [
          Object {
            "content": "Modal",
            "type": "Text",
          },
        ],
        "tagName": "div",
        "type": "Element",
      },
    ],
    "tagName": "div",
    "type": "Element",
  },
]
`;
