exports[`Pagination renders correctly 1`] = `
Array [
  Object {
    "attributes": Object {
      "className": Array [
        "uk-pagination",
        "uk-pagination-left",
      ],
    },
    "children": Array [
      Object {
        "attributes": Object {
          "className": Array [
            "uk-disabled",
          ],
        },
        "children": Array [
          Object {
            "attributes": Object {},
            "children": Array [
              Object {
                "attributes": Object {
                  "className": Array [
                    "uk-icon",
                  ],
                },
                "children": Array [],
                "tagName": "i",
                "type": "Element",
              },
            ],
            "tagName": "span",
            "type": "Element",
          },
          Object {
            "content": " ",
            "type": "Text",
          },
          Object {
            "attributes": Object {},
            "children": Array [
              Object {
                "attributes": Object {
                  "className": Array [
                    "uk-icon",
                  ],
                },
                "children": Array [],
                "tagName": "i",
                "type": "Element",
              },
            ],
            "tagName": "span",
            "type": "Element",
          },
        ],
        "tagName": "li",
        "type": "Element",
      },
      Object {
        "content": "  ",
        "type": "Text",
      },
      Object {
        "content": "",
        "type": "Comment",
      },
      Object {
        "content": " ",
        "type": "Text",
      },
      Object {
        "attributes": Object {
          "className": Array [
            "uk-active",
          ],
        },
        "children": Array [
          Object {
            "attributes": Object {},
            "children": Array [
              Object {
                "content": "1",
                "type": "Text",
              },
            ],
            "tagName": "span",
            "type": "Element",
          },
        ],
        "tagName": "li",
        "type": "Element",
      },
      Object {
        "attributes": Object {
          "className": Array [
            "",
          ],
        },
        "children": Array [
          Object {
            "attributes": Object {},
            "children": Array [
              Object {
                "content": "2",
                "type": "Text",
              },
            ],
            "tagName": "a",
            "type": "Element",
          },
        ],
        "tagName": "li",
        "type": "Element",
      },
      Object {
        "attributes": Object {
          "className": Array [
            "",
          ],
        },
        "children": Array [
          Object {
            "attributes": Object {},
            "children": Array [
              Object {
                "content": "3",
                "type": "Text",
              },
            ],
            "tagName": "a",
            "type": "Element",
          },
        ],
        "tagName": "li",
        "type": "Element",
      },
      Object {
        "attributes": Object {
          "className": Array [
            "",
          ],
        },
        "children": Array [
          Object {
            "attributes": Object {},
            "children": Array [
              Object {
                "content": "4",
                "type": "Text",
              },
            ],
            "tagName": "a",
            "type": "Element",
          },
        ],
        "tagName": "li",
        "type": "Element",
      },
      Object {
        "attributes": Object {
          "className": Array [
            "",
          ],
        },
        "children": Array [
          Object {
            "attributes": Object {},
            "children": Array [
              Object {
                "content": "5",
                "type": "Text",
              },
            ],
            "tagName": "a",
            "type": "Element",
          },
        ],
        "tagName": "li",
        "type": "Element",
      },
      Object {
        "content": " ",
        "type": "Text",
      },
      Object {
        "attributes": Object {},
        "children": Array [
          Object {
            "attributes": Object {},
            "children": Array [
              Object {
                "content": "...",
                "type": "Text",
              },
            ],
            "tagName": "span",
            "type": "Element",
          },
        ],
        "tagName": "li",
        "type": "Element",
      },
      Object {
        "content": " ",
        "type": "Text",
      },
      Object {
        "attributes": Object {
          "className": Array [
            "",
          ],
        },
        "children": Array [
          Object {
            "attributes": Object {},
            "children": Array [
              Object {
                "content": "20",
                "type": "Text",
              },
            ],
            "tagName": "a",
            "type": "Element",
          },
        ],
        "tagName": "li",
        "type": "Element",
      },
      Object {
        "content": " ",
        "type": "Text",
      },
      Object {
        "attributes": Object {
          "className": Array [
            "",
          ],
        },
        "children": Array [
          Object {
            "attributes": Object {},
            "children": Array [
              Object {
                "attributes": Object {
                  "className": Array [
                    "uk-icon-angle-right",
                  ],
                },
                "children": Array [],
                "tagName": "i",
                "type": "Element",
              },
            ],
            "tagName": "a",
            "type": "Element",
          },
          Object {
            "content": " ",
            "type": "Text",
          },
          Object {
            "attributes": Object {},
            "children": Array [
              Object {
                "attributes": Object {
                  "className": Array [
                    "uk-icon-angle-double-right",
                  ],
                },
                "children": Array [],
                "tagName": "i",
                "type": "Element",
              },
            ],
            "tagName": "a",
            "type": "Element",
          },
        ],
        "tagName": "li",
        "type": "Element",
      },
    ],
    "tagName": "ul",
    "type": "Element",
  },
]
`;

exports[`Pagination renders correctly 2`] = `
Array [
  Object {
    "attributes": Object {
      "className": Array [
        "uk-pagination",
      ],
    },
    "children": Array [
      Object {
        "attributes": Object {
          "className": Array [
            "uk-pagination-previous",
          ],
        },
        "children": Array [
          Object {
            "attributes": Object {},
            "children": Array [
              Object {
                "attributes": Object {
                  "className": Array [
                    "uk-icon-angle-double-left",
                  ],
                },
                "children": Array [],
                "tagName": "i",
                "type": "Element",
              },
            ],
            "tagName": "a",
            "type": "Element",
          },
          Object {
            "content": " ",
            "type": "Text",
          },
          Object {
            "attributes": Object {},
            "children": Array [
              Object {
                "attributes": Object {
                  "className": Array [
                    "uk-icon-angle-left",
                  ],
                },
                "children": Array [],
                "tagName": "i",
                "type": "Element",
              },
            ],
            "tagName": "a",
            "type": "Element",
          },
        ],
        "tagName": "li",
        "type": "Element",
      },
      Object {
        "content": " ",
        "type": "Text",
      },
      Object {
        "attributes": Object {
          "className": Array [
            "",
          ],
        },
        "children": Array [
          Object {
            "attributes": Object {},
            "children": Array [
              Object {
                "content": "1",
                "type": "Text",
              },
            ],
            "tagName": "a",
            "type": "Element",
          },
        ],
        "tagName": "li",
        "type": "Element",
      },
      Object {
        "content": " ",
        "type": "Text",
      },
      Object {
        "attributes": Object {},
        "children": Array [
          Object {
            "attributes": Object {},
            "children": Array [
              Object {
                "content": "...",
                "type": "Text",
              },
            ],
            "tagName": "span",
            "type": "Element",
          },
        ],
        "tagName": "li",
        "type": "Element",
      },
      Object {
        "content": " ",
        "type": "Text",
      },
      Object {
        "attributes": Object {
          "className": Array [
            "",
          ],
        },
        "children": Array [
          Object {
            "attributes": Object {},
            "children": Array [
              Object {
                "content": "8",
                "type": "Text",
              },
            ],
            "tagName": "a",
            "type": "Element",
          },
        ],
        "tagName": "li",
        "type": "Element",
      },
      Object {
        "attributes": Object {
          "className": Array [
            "",
          ],
        },
        "children": Array [
          Object {
            "attributes": Object {},
            "children": Array [
              Object {
                "content": "9",
                "type": "Text",
              },
            ],
            "tagName": "a",
            "type": "Element",
          },
        ],
        "tagName": "li",
        "type": "Element",
      },
      Object {
        "attributes": Object {
          "className": Array [
            "uk-active",
          ],
        },
        "children": Array [
          Object {
            "attributes": Object {},
            "children": Array [
              Object {
                "content": "10",
                "type": "Text",
              },
            ],
            "tagName": "span",
            "type": "Element",
          },
        ],
        "tagName": "li",
        "type": "Element",
      },
      Object {
        "attributes": Object {
          "className": Array [
            "",
          ],
        },
        "children": Array [
          Object {
            "attributes": Object {},
            "children": Array [
              Object {
                "content": "11",
                "type": "Text",
              },
            ],
            "tagName": "a",
            "type": "Element",
          },
        ],
        "tagName": "li",
        "type": "Element",
      },
      Object {
        "attributes": Object {
          "className": Array [
            "",
          ],
        },
        "children": Array [
          Object {
            "attributes": Object {},
            "children": Array [
              Object {
                "content": "12",
                "type": "Text",
              },
            ],
            "tagName": "a",
            "type": "Element",
          },
        ],
        "tagName": "li",
        "type": "Element",
      },
      Object {
        "content": " ",
        "type": "Text",
      },
      Object {
        "attributes": Object {},
        "children": Array [
          Object {
            "attributes": Object {},
            "children": Array [
              Object {
                "content": "...",
                "type": "Text",
              },
            ],
            "tagName": "span",
            "type": "Element",
          },
        ],
        "tagName": "li",
        "type": "Element",
      },
      Object {
        "content": " ",
        "type": "Text",
      },
      Object {
        "attributes": Object {
          "className": Array [
            "",
          ],
        },
        "children": Array [
          Object {
            "attributes": Object {},
            "children": Array [
              Object {
                "content": "20",
                "type": "Text",
              },
            ],
            "tagName": "a",
            "type": "Element",
          },
        ],
        "tagName": "li",
        "type": "Element",
      },
      Object {
        "content": " ",
        "type": "Text",
      },
      Object {
        "attributes": Object {
          "className": Array [
            "uk-pagination-next",
          ],
        },
        "children": Array [
          Object {
            "attributes": Object {},
            "children": Array [
              Object {
                "attributes": Object {
                  "className": Array [
                    "uk-icon-angle-right",
                  ],
                },
                "children": Array [],
                "tagName": "i",
                "type": "Element",
              },
            ],
            "tagName": "a",
            "type": "Element",
          },
          Object {
            "content": " ",
            "type": "Text",
          },
          Object {
            "attributes": Object {},
            "children": Array [
              Object {
                "attributes": Object {
                  "className": Array [
                    "uk-icon-angle-double-right",
                  ],
                },
                "children": Array [],
                "tagName": "i",
                "type": "Element",
              },
            ],
            "tagName": "a",
            "type": "Element",
          },
        ],
        "tagName": "li",
        "type": "Element",
      },
    ],
    "tagName": "ul",
    "type": "Element",
  },
]
`;

exports[`Pagination renders correctly 3`] = `
Array [
  Object {
    "attributes": Object {
      "className": Array [
        "uk-pagination",
      ],
    },
    "children": Array [
      Object {
        "attributes": Object {
          "className": Array [
            "uk-pagination-previous",
          ],
        },
        "children": Array [
          Object {
            "attributes": Object {},
            "children": Array [
              Object {
                "attributes": Object {
                  "className": Array [
                    "uk-icon-angle-double-left",
                  ],
                },
                "children": Array [],
                "tagName": "i",
                "type": "Element",
              },
            ],
            "tagName": "a",
            "type": "Element",
          },
          Object {
            "content": " ",
            "type": "Text",
          },
          Object {
            "attributes": Object {},
            "children": Array [
              Object {
                "attributes": Object {
                  "className": Array [
                    "uk-icon-angle-left",
                  ],
                },
                "children": Array [],
                "tagName": "i",
                "type": "Element",
              },
            ],
            "tagName": "a",
            "type": "Element",
          },
        ],
        "tagName": "li",
        "type": "Element",
      },
      Object {
        "content": " ",
        "type": "Text",
      },
      Object {
        "attributes": Object {
          "className": Array [
            "",
          ],
        },
        "children": Array [
          Object {
            "attributes": Object {},
            "children": Array [
              Object {
                "content": "1",
                "type": "Text",
              },
            ],
            "tagName": "a",
            "type": "Element",
          },
        ],
        "tagName": "li",
        "type": "Element",
      },
      Object {
        "content": " ",
        "type": "Text",
      },
      Object {
        "attributes": Object {},
        "children": Array [
          Object {
            "attributes": Object {},
            "children": Array [
              Object {
                "content": "...",
                "type": "Text",
              },
            ],
            "tagName": "span",
            "type": "Element",
          },
        ],
        "tagName": "li",
        "type": "Element",
      },
      Object {
        "content": " ",
        "type": "Text",
      },
      Object {
        "attributes": Object {
          "className": Array [
            "",
          ],
        },
        "children": Array [
          Object {
            "attributes": Object {},
            "children": Array [
              Object {
                "content": "16",
                "type": "Text",
              },
            ],
            "tagName": "a",
            "type": "Element",
          },
        ],
        "tagName": "li",
        "type": "Element",
      },
      Object {
        "attributes": Object {
          "className": Array [
            "",
          ],
        },
        "children": Array [
          Object {
            "attributes": Object {},
            "children": Array [
              Object {
                "content": "17",
                "type": "Text",
              },
            ],
            "tagName": "a",
            "type": "Element",
          },
        ],
        "tagName": "li",
        "type": "Element",
      },
      Object {
        "attributes": Object {
          "className": Array [
            "",
          ],
        },
        "children": Array [
          Object {
            "attributes": Object {},
            "children": Array [
              Object {
                "content": "18",
                "type": "Text",
              },
            ],
            "tagName": "a",
            "type": "Element",
          },
        ],
        "tagName": "li",
        "type": "Element",
      },
      Object {
        "attributes": Object {
          "className": Array [
            "",
          ],
        },
        "children": Array [
          Object {
            "attributes": Object {},
            "children": Array [
              Object {
                "content": "19",
                "type": "Text",
              },
            ],
            "tagName": "a",
            "type": "Element",
          },
        ],
        "tagName": "li",
        "type": "Element",
      },
      Object {
        "attributes": Object {
          "className": Array [
            "uk-active",
          ],
        },
        "children": Array [
          Object {
            "attributes": Object {},
            "children": Array [
              Object {
                "content": "20",
                "type": "Text",
              },
            ],
            "tagName": "span",
            "type": "Element",
          },
        ],
        "tagName": "li",
        "type": "Element",
      },
      Object {
        "content": " ",
        "type": "Text",
      },
      Object {
        "content": "",
        "type": "Comment",
      },
      Object {
        "content": "  ",
        "type": "Text",
      },
      Object {
        "attributes": Object {
          "className": Array [
            "uk-disabled",
            "uk-pagination-next",
          ],
        },
        "children": Array [
          Object {
            "attributes": Object {},
            "children": Array [
              Object {
                "attributes": Object {
                  "className": Array [
                    "uk-icon",
                  ],
                },
                "children": Array [],
                "tagName": "i",
                "type": "Element",
              },
            ],
            "tagName": "span",
            "type": "Element",
          },
          Object {
            "content": " ",
            "type": "Text",
          },
          Object {
            "attributes": Object {},
            "children": Array [
              Object {
                "attributes": Object {
                  "className": Array [
                    "uk-icon",
                  ],
                },
                "children": Array [],
                "tagName": "i",
                "type": "Element",
              },
            ],
            "tagName": "span",
            "type": "Element",
          },
        ],
        "tagName": "li",
        "type": "Element",
      },
    ],
    "tagName": "ul",
    "type": "Element",
  },
]
`;

exports[`Pagination renders correctly 4`] = `
Array [
  Object {
    "attributes": Object {
      "className": Array [
        "uk-pagination",
      ],
    },
    "children": Array [
      Object {
        "attributes": Object {
          "className": Array [
            "uk-disabled",
            "uk-pagination-previous",
          ],
        },
        "children": Array [
          Object {
            "attributes": Object {},
            "children": Array [
              Object {
                "attributes": Object {
                  "className": Array [
                    "uk-icon",
                  ],
                },
                "children": Array [],
                "tagName": "i",
                "type": "Element",
              },
            ],
            "tagName": "span",
            "type": "Element",
          },
          Object {
            "content": " ",
            "type": "Text",
          },
          Object {
            "attributes": Object {},
            "children": Array [
              Object {
                "attributes": Object {
                  "className": Array [
                    "uk-icon",
                  ],
                },
                "children": Array [],
                "tagName": "i",
                "type": "Element",
              },
            ],
            "tagName": "span",
            "type": "Element",
          },
        ],
        "tagName": "li",
        "type": "Element",
      },
      Object {
        "content": "  ",
        "type": "Text",
      },
      Object {
        "content": "",
        "type": "Comment",
      },
      Object {
        "content": " ",
        "type": "Text",
      },
      Object {
        "attributes": Object {
          "className": Array [
            "uk-active",
          ],
        },
        "children": Array [
          Object {
            "attributes": Object {},
            "children": Array [
              Object {
                "content": "1",
                "type": "Text",
              },
            ],
            "tagName": "span",
            "type": "Element",
          },
        ],
        "tagName": "li",
        "type": "Element",
      },
      Object {
        "attributes": Object {
          "className": Array [
            "",
          ],
        },
        "children": Array [
          Object {
            "attributes": Object {},
            "children": Array [
              Object {
                "content": "2",
                "type": "Text",
              },
            ],
            "tagName": "a",
            "type": "Element",
          },
        ],
        "tagName": "li",
        "type": "Element",
      },
      Object {
        "attributes": Object {
          "className": Array [
            "",
          ],
        },
        "children": Array [
          Object {
            "attributes": Object {},
            "children": Array [
              Object {
                "content": "3",
                "type": "Text",
              },
            ],
            "tagName": "a",
            "type": "Element",
          },
        ],
        "tagName": "li",
        "type": "Element",
      },
      Object {
        "attributes": Object {
          "className": Array [
            "",
          ],
        },
        "children": Array [
          Object {
            "attributes": Object {},
            "children": Array [
              Object {
                "content": "4",
                "type": "Text",
              },
            ],
            "tagName": "a",
            "type": "Element",
          },
        ],
        "tagName": "li",
        "type": "Element",
      },
      Object {
        "attributes": Object {
          "className": Array [
            "",
          ],
        },
        "children": Array [
          Object {
            "attributes": Object {},
            "children": Array [
              Object {
                "content": "5",
                "type": "Text",
              },
            ],
            "tagName": "a",
            "type": "Element",
          },
        ],
        "tagName": "li",
        "type": "Element",
      },
      Object {
        "attributes": Object {
          "className": Array [
            "",
          ],
        },
        "children": Array [
          Object {
            "attributes": Object {},
            "children": Array [
              Object {
                "content": "6",
                "type": "Text",
              },
            ],
            "tagName": "a",
            "type": "Element",
          },
        ],
        "tagName": "li",
        "type": "Element",
      },
      Object {
        "attributes": Object {
          "className": Array [
            "",
          ],
        },
        "children": Array [
          Object {
            "attributes": Object {},
            "children": Array [
              Object {
                "content": "7",
                "type": "Text",
              },
            ],
            "tagName": "a",
            "type": "Element",
          },
        ],
        "tagName": "li",
        "type": "Element",
      },
      Object {
        "content": " ",
        "type": "Text",
      },
      Object {
        "attributes": Object {},
        "children": Array [
          Object {
            "attributes": Object {},
            "children": Array [
              Object {
                "content": "...",
                "type": "Text",
              },
            ],
            "tagName": "span",
            "type": "Element",
          },
        ],
        "tagName": "li",
        "type": "Element",
      },
      Object {
        "content": " ",
        "type": "Text",
      },
      Object {
        "attributes": Object {
          "className": Array [
            "",
          ],
        },
        "children": Array [
          Object {
            "attributes": Object {},
            "children": Array [
              Object {
                "content": "20",
                "type": "Text",
              },
            ],
            "tagName": "a",
            "type": "Element",
          },
        ],
        "tagName": "li",
        "type": "Element",
      },
      Object {
        "content": " ",
        "type": "Text",
      },
      Object {
        "attributes": Object {
          "className": Array [
            "uk-pagination-next",
          ],
        },
        "children": Array [
          Object {
            "attributes": Object {},
            "children": Array [
              Object {
                "attributes": Object {
                  "className": Array [
                    "uk-icon-angle-right",
                  ],
                },
                "children": Array [],
                "tagName": "i",
                "type": "Element",
              },
            ],
            "tagName": "a",
            "type": "Element",
          },
          Object {
            "content": " ",
            "type": "Text",
          },
          Object {
            "attributes": Object {},
            "children": Array [
              Object {
                "attributes": Object {
                  "className": Array [
                    "uk-icon-angle-double-right",
                  ],
                },
                "children": Array [],
                "tagName": "i",
                "type": "Element",
              },
            ],
            "tagName": "a",
            "type": "Element",
          },
        ],
        "tagName": "li",
        "type": "Element",
      },
    ],
    "tagName": "ul",
    "type": "Element",
  },
]
`;

exports[`Pagination renders correctly 5`] = `
Array [
  Object {
    "attributes": Object {
      "className": Array [
        "uk-pagination",
      ],
    },
    "children": Array [
      Object {
        "attributes": Object {
          "className": Array [
            "uk-disabled",
            "uk-pagination-previous",
          ],
        },
        "children": Array [
          Object {
            "attributes": Object {},
            "children": Array [
              Object {
                "attributes": Object {
                  "className": Array [
                    "uk-icon",
                  ],
                },
                "children": Array [],
                "tagName": "i",
                "type": "Element",
              },
            ],
            "tagName": "span",
            "type": "Element",
          },
          Object {
            "content": " ",
            "type": "Text",
          },
          Object {
            "attributes": Object {},
            "children": Array [
              Object {
                "attributes": Object {
                  "className": Array [
                    "uk-icon",
                  ],
                },
                "children": Array [],
                "tagName": "i",
                "type": "Element",
              },
            ],
            "tagName": "span",
            "type": "Element",
          },
        ],
        "tagName": "li",
        "type": "Element",
      },
      Object {
        "content": "  ",
        "type": "Text",
      },
      Object {
        "content": "",
        "type": "Comment",
      },
      Object {
        "content": " ",
        "type": "Text",
      },
      Object {
        "attributes": Object {
          "className": Array [
            "uk-active",
          ],
        },
        "children": Array [
          Object {
            "attributes": Object {},
            "children": Array [
              Object {
                "content": "1",
                "type": "Text",
              },
            ],
            "tagName": "span",
            "type": "Element",
          },
        ],
        "tagName": "li",
        "type": "Element",
      },
      Object {
        "attributes": Object {
          "className": Array [
            "",
          ],
        },
        "children": Array [
          Object {
            "attributes": Object {},
            "children": Array [
              Object {
                "content": "2",
                "type": "Text",
              },
            ],
            "tagName": "a",
            "type": "Element",
          },
        ],
        "tagName": "li",
        "type": "Element",
      },
      Object {
        "attributes": Object {
          "className": Array [
            "",
          ],
        },
        "children": Array [
          Object {
            "attributes": Object {},
            "children": Array [
              Object {
                "content": "3",
                "type": "Text",
              },
            ],
            "tagName": "a",
            "type": "Element",
          },
        ],
        "tagName": "li",
        "type": "Element",
      },
      Object {
        "attributes": Object {
          "className": Array [
            "",
          ],
        },
        "children": Array [
          Object {
            "attributes": Object {},
            "children": Array [
              Object {
                "content": "4",
                "type": "Text",
              },
            ],
            "tagName": "a",
            "type": "Element",
          },
        ],
        "tagName": "li",
        "type": "Element",
      },
      Object {
        "attributes": Object {
          "className": Array [
            "",
          ],
        },
        "children": Array [
          Object {
            "attributes": Object {},
            "children": Array [
              Object {
                "content": "5",
                "type": "Text",
              },
            ],
            "tagName": "a",
            "type": "Element",
          },
        ],
        "tagName": "li",
        "type": "Element",
      },
      Object {
        "content": " ",
        "type": "Text",
      },
      Object {
        "attributes": Object {},
        "children": Array [
          Object {
            "attributes": Object {},
            "children": Array [
              Object {
                "content": "...",
                "type": "Text",
              },
            ],
            "tagName": "span",
            "type": "Element",
          },
        ],
        "tagName": "li",
        "type": "Element",
      },
      Object {
        "content": " ",
        "type": "Text",
      },
      Object {
        "attributes": Object {
          "className": Array [
            "",
          ],
        },
        "children": Array [
          Object {
            "attributes": Object {},
            "children": Array [
              Object {
                "content": "100",
                "type": "Text",
              },
            ],
            "tagName": "a",
            "type": "Element",
          },
        ],
        "tagName": "li",
        "type": "Element",
      },
      Object {
        "content": " ",
        "type": "Text",
      },
      Object {
        "attributes": Object {
          "className": Array [
            "uk-pagination-next",
          ],
        },
        "children": Array [
          Object {
            "attributes": Object {},
            "children": Array [
              Object {
                "attributes": Object {
                  "className": Array [
                    "uk-icon-angle-right",
                  ],
                },
                "children": Array [],
                "tagName": "i",
                "type": "Element",
              },
            ],
            "tagName": "a",
            "type": "Element",
          },
          Object {
            "content": " ",
            "type": "Text",
          },
          Object {
            "attributes": Object {},
            "children": Array [
              Object {
                "attributes": Object {
                  "className": Array [
                    "uk-icon-angle-double-right",
                  ],
                },
                "children": Array [],
                "tagName": "i",
                "type": "Element",
              },
            ],
            "tagName": "a",
            "type": "Element",
          },
        ],
        "tagName": "li",
        "type": "Element",
      },
    ],
    "tagName": "ul",
    "type": "Element",
  },
]
`;
