exports[`Subnav renders correctly 1`] = `
Array [
  Object {
    "attributes": Object {
      "className": Array [
        "uk-subnav",
        "uk-subnav-line",
        "uk-subnav-pill",
      ],
    },
    "children": Array [
      Object {
        "attributes": Object {
          "className": Array [
            "uk-active",
          ],
        },
        "children": Array [
          Object {
            "attributes": Object {},
            "children": Array [
              Object {
                "content": "Item 1",
                "type": "Text",
              },
            ],
            "tagName": "a",
            "type": "Element",
          },
        ],
        "tagName": "li",
        "type": "Element",
      },
      Object {
        "content": " ",
        "type": "Text",
      },
      Object {
        "attributes": Object {
          "className": Array [
            "uk-disabled",
          ],
        },
        "children": Array [
          Object {
            "attributes": Object {},
            "children": Array [
              Object {
                "content": "Item 2",
                "type": "Text",
              },
            ],
            "tagName": "a",
            "type": "Element",
          },
        ],
        "tagName": "li",
        "type": "Element",
      },
      Object {
        "content": " ",
        "type": "Text",
      },
      Object {
        "attributes": Object {
          "className": Array [
            "",
          ],
        },
        "children": Array [
          Object {
            "attributes": Object {},
            "children": Array [
              Object {
                "content": "Item 3",
                "type": "Text",
              },
            ],
            "tagName": "a",
            "type": "Element",
          },
        ],
        "tagName": "li",
        "type": "Element",
      },
    ],
    "tagName": "ul",
    "type": "Element",
  },
]
`;
