exports[`Table renders correctly 1`] = `
Array [
  Object {
    "attributes": Object {
      "className": Array [
        "uk-table",
        "uk-table-striped",
        "uk-table-condensed",
        "uk-table-hover",
      ],
    },
    "children": Array [
      Object {
        "attributes": Object {},
        "children": Array [
          Object {
            "attributes": Object {},
            "children": Array [],
            "tagName": "tr",
            "type": "Element",
          },
        ],
        "tagName": "thead",
        "type": "Element",
      },
      Object {
        "attributes": Object {},
        "children": Array [
          Object {
            "attributes": Object {},
            "children": Array [],
            "tagName": "tr",
            "type": "Element",
          },
          Object {
            "attributes": Object {},
            "children": Array [],
            "tagName": "tr",
            "type": "Element",
          },
          Object {
            "attributes": Object {},
            "children": Array [],
            "tagName": "tr",
            "type": "Element",
          },
          Object {
            "attributes": Object {},
            "children": Array [],
            "tagName": "tr",
            "type": "Element",
          },
          Object {
            "attributes": Object {},
            "children": Array [],
            "tagName": "tr",
            "type": "Element",
          },
        ],
        "tagName": "tbody",
        "type": "Element",
      },
    ],
    "tagName": "table",
    "type": "Element",
  },
]
`;
