exports[`Table Column Default renders correctly 1`] = `
Array [
  Object {
    "attributes": Object {
      "className": Array [
        "uk-table",
      ],
    },
    "children": Array [
      Object {
        "attributes": Object {},
        "tagName": "col",
        "type": "Element",
      },
      Object {
        "content": " ",
        "type": "Text",
      },
      Object {
        "attributes": Object {},
        "tagName": "col",
        "type": "Element",
      },
      Object {
        "attributes": Object {},
        "children": Array [
          Object {
            "attributes": Object {},
            "children": Array [
              Object {
                "attributes": Object {},
                "children": Array [
                  Object {
                    "content": "Name",
                    "type": "Text",
                  },
                ],
                "tagName": "th",
                "type": "Element",
              },
              Object {
                "attributes": Object {
                  "className": Array [
                    "myHeaderClass",
                  ],
                },
                "children": Array [],
                "tagName": "th",
                "type": "Element",
              },
            ],
            "tagName": "tr",
            "type": "Element",
          },
        ],
        "tagName": "thead",
        "type": "Element",
      },
      Object {
        "attributes": Object {},
        "children": Array [
          Object {
            "attributes": Object {},
            "children": Array [
              Object {
                "attributes": Object {},
                "children": Array [
                  Object {
                    "content": "Toy Story",
                    "type": "Text",
                  },
                ],
                "tagName": "td",
                "type": "Element",
              },
              Object {
                "attributes": Object {
                  "className": Array [
                    "myCellClass",
                  ],
                },
                "children": Array [],
                "tagName": "td",
                "type": "Element",
              },
            ],
            "tagName": "tr",
            "type": "Element",
          },
          Object {
            "attributes": Object {},
            "children": Array [
              Object {
                "attributes": Object {},
                "children": Array [
                  Object {
                    "content": "A Bug\'s Life",
                    "type": "Text",
                  },
                ],
                "tagName": "td",
                "type": "Element",
              },
              Object {
                "attributes": Object {
                  "className": Array [
                    "myCellClass",
                  ],
                },
                "children": Array [],
                "tagName": "td",
                "type": "Element",
              },
            ],
            "tagName": "tr",
            "type": "Element",
          },
          Object {
            "attributes": Object {},
            "children": Array [
              Object {
                "attributes": Object {},
                "children": Array [
                  Object {
                    "content": "Toy Story 2",
                    "type": "Text",
                  },
                ],
                "tagName": "td",
                "type": "Element",
              },
              Object {
                "attributes": Object {
                  "className": Array [
                    "myCellClass",
                  ],
                },
                "children": Array [],
                "tagName": "td",
                "type": "Element",
              },
            ],
            "tagName": "tr",
            "type": "Element",
          },
          Object {
            "attributes": Object {},
            "children": Array [
              Object {
                "attributes": Object {},
                "children": Array [
                  Object {
                    "content": "Monsters, Inc.",
                    "type": "Text",
                  },
                ],
                "tagName": "td",
                "type": "Element",
              },
              Object {
                "attributes": Object {
                  "className": Array [
                    "myCellClass",
                  ],
                },
                "children": Array [],
                "tagName": "td",
                "type": "Element",
              },
            ],
            "tagName": "tr",
            "type": "Element",
          },
          Object {
            "attributes": Object {},
            "children": Array [
              Object {
                "attributes": Object {},
                "children": Array [
                  Object {
                    "content": "Finding Nemo",
                    "type": "Text",
                  },
                ],
                "tagName": "td",
                "type": "Element",
              },
              Object {
                "attributes": Object {
                  "className": Array [
                    "myCellClass",
                  ],
                },
                "children": Array [],
                "tagName": "td",
                "type": "Element",
              },
            ],
            "tagName": "tr",
            "type": "Element",
          },
        ],
        "tagName": "tbody",
        "type": "Element",
      },
    ],
    "tagName": "table",
    "type": "Element",
  },
]
`;
