// Jest Snapshot v1, https://goo.gl/fbAQLP

exports[`Button renders correctly 1`] = `
<div>
  <button type="button" class="uk-button uk-button-default">Default</button>
  <button type="button" class="uk-button uk-button-primary">Primary</button>
  <button type="button" class="uk-button uk-button-secondary">Secondary</button>
  <button type="button" class="uk-button uk-button-danger">Danger</button>
  <button type="button" class="uk-button uk-button-text">Text</button>
  <button type="button" class="uk-button uk-button-link">Link</button>
  <button type="button" class="uk-button uk-button-default uk-button-large">Large</button>
  <button type="button" class="uk-button uk-button-default uk-button-small">small</button>
  <button type="submit" class="uk-button uk-button-default">Submit Type</button>
  <button type="button" class="uk-button uk-active uk-button-default">Active</button>
  <button type="button" disabled="disabled" class="uk-button uk-button-default">disabled</button>
</div>
`;

exports[`ButtonCheckbox renders correctly 1`] = `
<div class="uk-button-group">
  <button type="button" class="uk-button uk-button-default">Button 1</button>
  <button type="button" class="uk-button uk-button-default">Button 2</button>
  <button type="button" class="uk-button uk-button-default">Button 3</button>
</div>
`;

exports[`ButtonRadio renders correctly 1`] = `
<div class="uk-button-group">
  <button type="button" class="uk-button uk-button-default">Button 1</button>
  <button type="button" class="uk-button uk-button-default">Button 2</button>
  <button type="button" class="uk-button uk-button-default">Button 3</button>
</div>
`;
